=== горизонт 168 ч (7 сут): признаков 42, деревьев по фолдам 50–50, 50–75, 50–219, 94–118
| фолд | моментов | инцидентов | val_score | P при R>=0,5 | R при P>=0,7 | предупр./день | TP | FP | FN | медиана упр., ч | P/R упр.>=1ч | P/R упр.>=24ч |
|---|---|---|---|---|---|---|---|---|---|---|---|---|
| 1 | 2732 | 76 | 0.5409 | 0.528 | 0.132 | 0.79 | 38 | 34 | 38 | 16.8 | 0.493/0.461 | 0.371/0.303 |
| 2 | 2846 | 93 | 0.4457 | 0.481 | 0.000 | 1.15 | 51 | 55 | 42 | 22.3 | 0.457/0.516 | 0.412/0.452 |
| 3 | 2911 | 132 | 0.7844 | 0.835 | 0.515 | 0.86 | 66 | 13 | 66 | 4.3 | 0.803/0.462 | 0.687/0.348 |
| 4 | 2220 | 100 | 0.4653 | 0.444 | 0.270 | 1.8 | 55 | 69 | 45 | 7.3 | 0.431/0.53 | 0.239/0.27 |

=== горизонт 336 ч (14 сут): признаков 42, деревьев по фолдам 50–50, 62–99, 50–126, 50–95
| фолд | моментов | инцидентов | val_score | P при R>=0,5 | R при P>=0,7 | предупр./день | TP | FP | FN | медиана упр., ч | P/R упр.>=1ч | P/R упр.>=24ч |
|---|---|---|---|---|---|---|---|---|---|---|---|---|
| 1 | 2732 | 78 | 0.7642 | 0.788 | 0.590 | 0.57 | 41 | 11 | 37 | 19.8 | 0.765/0.5 | 0.643/0.346 |
| 2 | 2846 | 101 | 0.6486 | 0.646 | 0.426 | 0.89 | 53 | 29 | 48 | 29.7 | 0.63/0.505 | 0.584/0.446 |
| 3 | 2911 | 148 | 0.8472 | 0.881 | 0.628 | 0.91 | 74 | 10 | 74 | 7.6 | 0.877/0.48 | 0.8/0.378 |
| 4 | 2220 | 110 | 0.6611 | 0.652 | 0.455 | 1.29 | 58 | 31 | 52 | 18.2 | 0.636/0.509 | 0.476/0.355 |

=== горизонт 504 ч (21 сут): признаков 42, деревьев по фолдам 96–289, 50–236, 99–240, 102–182
| фолд | моментов | инцидентов | val_score | P при R>=0,5 | R при P>=0,7 | предупр./день | TP | FP | FN | медиана упр., ч | P/R упр.>=1ч | P/R упр.>=24ч |
|---|---|---|---|---|---|---|---|---|---|---|---|---|
| 1 | 2732 | 84 | 0.7778 | 0.800 | 0.607 | 0.6 | 44 | 11 | 40 | 20.5 | 0.778/0.5 | 0.644/0.345 |
| 2 | 2846 | 103 | 0.7370 | 0.736 | 0.553 | 0.78 | 53 | 19 | 50 | 23.5 | 0.718/0.495 | 0.667/0.427 |
| 3 | 2911 | 159 | 0.8546 | 0.871 | 0.673 | 1.01 | 81 | 12 | 78 | 8.3 | 0.856/0.484 | 0.786/0.415 |
| 4 | 2220 | 121 | 0.7219 | 0.727 | 0.529 | 1.28 | 64 | 24 | 57 | 20.8 | 0.721/0.512 | 0.58/0.388 |

---
h168: val 0.5591 min 0.4457 cells 0.5409/0.4457/0.7844/0.4653 p_at_r50 0.5720 (худший 0.4435) r_at_p70 0.2292 lead1h 0.546/0.492 lead24h 0.427/0.343
h336: val 0.7303 min 0.6486 cells 0.7642/0.6486/0.8472/0.6611 p_at_r50 0.7419 (худший 0.6463) r_at_p70 0.5246 lead1h 0.727/0.498 lead24h 0.626/0.381
h504: val 0.7728 min 0.7219 cells 0.7778/0.7370/0.8546/0.7219 p_at_r50 0.7836 (худший 0.7273) r_at_p70 0.5906 lead1h 0.768/0.498 lead24h 0.669/0.394
val_score: 0.6874
val_min: 0.4457
cells: 0.5409/0.4457/0.7844/0.4653/0.7642/0.6486/0.8472/0.6611/0.7778/0.7370/0.8546/0.7219
p_at_r50: 0.5720/0.7419/0.7836
r_at_p70: 0.2292/0.5246/0.5906
train_seconds: 35.9
