Справочник каналов: 11485 всего, газовых («Газовый датчик»): 529
Проход 1: взят кэш /Users/miroslavabogatyreva/Projects/moskollektor/analysis/to_ppr/.exp_batches_pass1.json (545 дней)

=== Кросс-проверки (известные числа из docs/for-ml-team.md) ===
2025, газовые каналы: строк ≥ 1 % — 12617 (ожидалось 12 617), строк «Обнаружен газ» — 2712 (ожидалось 2 712)
2025-05-12: газовых каналов ≥ 1 % — 40, строк ≥ 1 % — 1206; все каналы: 238, строк — 1983; «Обнаружен газ» — 52, «Неисправен» строк — 0, тревожных — 0
2025-05-14: газовых каналов ≥ 1 % — 40, строк ≥ 1 % — 979; все каналы: 194, строк — 1546; «Обнаружен газ» — 43, «Неисправен» строк — 0, тревожных — 43
2025-10-30: газовых каналов ≥ 1 % — 40, строк ≥ 1 % — 998; все каналы: 193, строк — 1562; «Обнаружен газ» — 62, «Неисправен» строк — 0, тревожных — 0

=== Дни-пачки (газовых каналов ≥ 1 % — от 10) ===
Всего дней-пачек: 35; из них 2025: 25, 2026: 10
Распределение дней 2025–2026 по числу газовых каналов ≥ 1 %: 0: 454, 1–4: 47, 5–9: 9, 10–19: 6, 20–39: 15, 40+: 14

=== План ===
ТО/ТР газоанализаторов 2026 (to_schedule.csv), отметок по месяцам: 01: 9, 02: 6, 03: 6, 04: 8, 05: 7, 06: 5, 07: 9, 08: 6, 09: 6, 10: 8, 11: 7, 12: 5; строк без месяца/скрытых: 1
Окна ППР-пакетов 2026 (ppr_schedule.csv): P01 01-12…01-28; P02 01-29…02-12; P03 02-13…02-27; P04 03-02…03-19; P05 03-23…04-08; P06 04-09…04-22; P07 04-23…05-14; P08 05-15…05-29; P09 06-04…06-29; P10 07-02…07-23; P11 07-28…08-21; P12 08-24…09-10; P13 09-15…10-08; P14 10-13…10-29; P15 11-05…11-25; P16 12-02…12-22

Записано: /Users/miroslavabogatyreva/Projects/moskollektor/analysis/to_ppr/exp_batches_days.csv (35 строк)

=== Таблица дней-пачек ===
дата       | день_недели | газ_каналов_ge1 | строк_ge1 | строк_обнаружен_газ | строк_неисправен | каналов_неисправен | строк_тревожных | всех_каналов_ge1 | всех_строк_ge1 | медиана_максимума | каналов_макс_ge5 | первое_ge1 | последнее_ge1 | пик_час | месяц_в_плане_ТО | окно_ППР | ближайший_этап_ППР
-----------+-------------+-----------------+-----------+---------------------+------------------+--------------------+-----------------+------------------+----------------+-------------------+------------------+------------+---------------+---------+------------------+----------+-------------------
2025-02-03 | Пн          | 42              | 80        | 49                  | 0                | 0                  | 0               | 112              | 202            | 1.48              | 0                | 09:18:21   | 14:40:31      | 13      | -                | -        |                   
2025-02-05 | Ср          | 23              | 52        | 25                  | 0                | 0                  | 0               | 119              | 283            | 1.50              | 0                | 09:02:52   | 11:24:03      | 10      | -                | -        |                   
2025-02-12 | Ср          | 62              | 120       | 66                  | 0                | 0                  | 66              | 168              | 526            | 1.49              | 0                | 08:52:38   | 12:16:20      | 10      | -                | -        |                   
2025-04-02 | Ср          | 34              | 59        | 47                  | 0                | 0                  | 0               | 218              | 550            | 1.50              | 0                | 10:07:33   | 12:30:22      | 10      | -                | -        |                   
2025-04-08 | Вт          | 34              | 63        | 46                  | 0                | 0                  | 46              | 246              | 930            | 1.50              | 0                | 09:31:00   | 11:06:33      | 10      | -                | -        |                   
2025-05-12 | Пн          | 40              | 1206      | 52                  | 0                | 0                  | 0               | 238              | 1983           | 1.51              | 0                | 09:39:14   | 12:17:54      | 10      | -                | -        |                   
2025-05-14 | Ср          | 40              | 979       | 43                  | 0                | 0                  | 43              | 194              | 1546           | 1.50              | 0                | 09:29:24   | 11:51:36      | 10      | -                | -        |                   
2025-06-20 | Пт          | 33              | 806       | 37                  | 0                | 0                  | 0               | 224              | 1290           | 1.50              | 0                | 09:14:14   | 11:12:48      | 10      | -                | -        |                   
2025-06-25 | Ср          | 33              | 859       | 39                  | 0                | 0                  | 39              | 177              | 1236           | 1.50              | 0                | 09:42:09   | 11:47:24      | 11      | -                | -        |                   
2025-07-17 | Чт          | 41              | 68        | 43                  | 0                | 0                  | 0               | 217              | 484            | 1.48              | 0                | 09:58:58   | 13:25:27      | 10      | -                | -        |                   
2025-07-23 | Ср          | 41              | 82        | 41                  | 0                | 0                  | 41              | 212              | 591            | 1.50              | 0                | 09:38:39   | 11:32:38      | 10      | -                | -        |                   
2025-10-01 | Ср          | 59              | 98        | 62                  | 0                | 0                  | 0               | 293              | 1068           | 1.52              | 0                | 09:04:27   | 13:24:42      | 11      | -                | -        |                   
2025-10-03 | Пт          | 20              | 43        | 22                  | 7                | 3                  | 29              | 225              | 850            | 1.51              | 0                | 09:39:10   | 12:54:07      | 12      | -                | -        |                   
2025-10-06 | Пн          | 17              | 441       | 17                  | 1                | 1                  | 1               | 168              | 930            | 1.57              | 0                | 10:17:03   | 10:53:54      | 10      | -                | -        |                   
2025-10-08 | Ср          | 79              | 126       | 79                  | 0                | 0                  | 79              | 198              | 547            | 1.44              | 0                | 09:08:33   | 12:19:42      | 11      | -                | -        |                   
2025-10-09 | Чт          | 17              | 411       | 17                  | 0                | 0                  | 17              | 149              | 887            | 1.50              | 0                | 10:30:47   | 11:05:28      | 10      | -                | -        |                   
2025-10-24 | Пт          | 38              | 965       | 41                  | 0                | 0                  | 0               | 202              | 1518           | 1.50              | 0                | 10:09:32   | 12:10:36      | 11      | -                | -        |                   
2025-10-30 | Чт          | 40              | 998       | 62                  | 0                | 0                  | 0               | 193              | 1562           | 1.50              | 0                | 09:43:16   | 11:40:56      | 10      | -                | -        |                   
2025-11-20 | Чт          | 34              | 671       | 44                  | 0                | 0                  | 44              | 249              | 1669           | 1.49              | 0                | 09:37:09   | 12:10:25      | 10      | -                | -        |                   
2025-11-21 | Пт          | 22              | 312       | 24                  | 0                | 0                  | 24              | 213              | 1052           | 1.49              | 0                | 08:53:21   | 09:56:40      | 9       | -                | -        |                   
2025-11-26 | Ср          | 55              | 776       | 58                  | 0                | 0                  | 58              | 235              | 1637           | 1.51              | 0                | 09:17:07   | 12:11:15      | 11      | -                | -        |                   
2025-12-10 | Ср          | 19              | 170       | 20                  | 10               | 2                  | 30              | 197              | 958            | 1.40              | 0                | 11:50:46   | 14:47:26      | 12      | -                | -        |                   
2025-12-11 | Чт          | 67              | 648       | 72                  | 1                | 1                  | 73              | 282              | 1410           | 1.47              | 0                | 10:07:06   | 14:42:41      | 12      | -                | -        |                   
2025-12-12 | Пт          | 14              | 160       | 17                  | 0                | 0                  | 17              | 221              | 983            | 1.50              | 0                | 10:08:35   | 12:41:07      | 11      | -                | -        |                   
2025-12-18 | Чт          | 55              | 583       | 55                  | 0                | 0                  | 55              | 210              | 1204           | 1.50              | 0                | 09:12:04   | 11:11:18      | 10      | -                | -        |                   
2026-02-09 | Пн          | 40              | 65        | 43                  | 0                | 0                  | 43              | 163              | 403            | 1.47              | 0                | 09:12:34   | 14:56:08      | 14      | да (6 отметок)   | P02      | 2026-02-09 (0 дн.)
2026-02-10 | Вт          | 23              | 481       | 42                  | 5                | 1                  | 47              | 109              | 716            | 1.49              | 0                | 09:31:43   | 18:51:07      | 18      | да (6 отметок)   | P02      | 2026-02-09 (1 дн.)
2026-02-12 | Чт          | 62              | 99        | 66                  | 0                | 0                  | 65              | 184              | 357            | 1.44              | 0                | 08:57:03   | 14:14:58      | 9       | да (6 отметок)   | P02      | 2026-02-12 (0 дн.)
2026-04-02 | Чт          | 18              | 32        | 32                  | 0                | 0                  | 32              | 162              | 383            | 1.53              | 0                | 10:51:10   | 12:27:51      | 11      | да (8 отметок)   | P05      | 2026-04-03 (1 дн.)
2026-04-03 | Пт          | 16              | 30        | 16                  | 0                | 0                  | 16              | 136              | 364            | 1.52              | 0                | 09:27:59   | 10:59:00      | 10      | да (8 отметок)   | P05      | 2026-04-03 (0 дн.)
2026-04-08 | Ср          | 34              | 62        | 46                  | 0                | 0                  | 46              | 180              | 536            | 1.49              | 0                | 09:50:13   | 11:28:39      | 10      | да (8 отметок)   | P05      | 2026-04-08 (0 дн.)
2026-05-07 | Чт          | 39              | 997       | 40                  | 0                | 0                  | 41              | 318              | 1729           | 1.49              | 0                | 09:51:51   | 12:58:07      | 12      | да (7 отметок)   | P07      | 2026-05-07 (0 дн.)
2026-05-26 | Вт          | 39              | 1024      | 59                  | 0                | 0                  | 83              | 224              | 1550           | 1.48              | 0                | 08:49:39   | 11:09:35      | 10      | да (7 отметок)   | P08      | 2026-05-26 (0 дн.)
2026-06-17 | Ср          | 33              | 924       | 39                  | 0                | 0                  | 40              | 212              | 1351           | 1.48              | 0                | 09:13:28   | 13:14:08      | 11      | да (5 отметок)   | P09      | 2026-06-18 (1 дн.)
2026-06-23 | Вт          | 33              | 915       | 35                  | 0                | 0                  | 35              | 165              | 1245           | 1.48              | 0                | 09:04:11   | 10:58:49      | 10      | да (5 отметок)   | P09      | 2026-06-18 (5 дн.)

=== Сезонность дней-пачек (число дней по месяцам) ===
2025: 01:0, 02:3, 03:0, 04:2, 05:2, 06:2, 07:2, 08:0, 09:0, 10:7, 11:3, 12:4
2026: 01:0, 02:3, 03:0, 04:3, 05:2, 06:2, 07:0, 08:0, 09:0, 10:0, 11:0, 12:0
По дням недели: Пн:4, Вт:4, Ср:12, Чт:9, Пт:6, Сб:0, Вс:0

=== Совпадение газовых каналов между днями-пачками (Jaccard) ===
2025-02-03 × 2025-02-05: общих 3, Jaccard 0.05
2025-02-03 × 2025-02-12: общих 42, Jaccard 0.68
2025-02-03 × 2025-04-02: общих 0, Jaccard 0.0
2025-02-03 × 2025-04-08: общих 0, Jaccard 0.0
2025-02-03 × 2025-05-12: общих 0, Jaccard 0.0
2025-02-03 × 2025-05-14: общих 0, Jaccard 0.0
2025-02-03 × 2025-06-20: общих 0, Jaccard 0.0
2025-02-03 × 2025-06-25: общих 0, Jaccard 0.0
2025-02-03 × 2025-07-17: общих 0, Jaccard 0.0
2025-02-03 × 2025-07-23: общих 0, Jaccard 0.0
2025-02-03 × 2025-10-01: общих 0, Jaccard 0.0
2025-02-03 × 2025-10-03: общих 0, Jaccard 0.0
2025-02-03 × 2025-10-06: общих 0, Jaccard 0.0
2025-02-03 × 2025-10-08: общих 0, Jaccard 0.0
2025-02-03 × 2025-10-09: общих 0, Jaccard 0.0
2025-02-03 × 2025-10-24: общих 0, Jaccard 0.0
2025-02-03 × 2025-10-30: общих 0, Jaccard 0.0
2025-02-03 × 2025-11-20: общих 0, Jaccard 0.0
2025-02-03 × 2025-11-21: общих 0, Jaccard 0.0
2025-02-03 × 2025-11-26: общих 0, Jaccard 0.0
2025-02-03 × 2025-12-10: общих 0, Jaccard 0.0
2025-02-03 × 2025-12-11: общих 0, Jaccard 0.0
2025-02-03 × 2025-12-12: общих 0, Jaccard 0.0
2025-02-03 × 2025-12-18: общих 0, Jaccard 0.0
2025-02-03 × 2026-02-09: общих 20, Jaccard 0.32
2025-02-03 × 2026-02-10: общих 22, Jaccard 0.51
2025-02-03 × 2026-02-12: общих 42, Jaccard 0.68
2025-02-03 × 2026-04-02: общих 0, Jaccard 0.0
2025-02-03 × 2026-04-03: общих 0, Jaccard 0.0
2025-02-03 × 2026-04-08: общих 0, Jaccard 0.0
2025-02-03 × 2026-05-07: общих 0, Jaccard 0.0
2025-02-03 × 2026-05-26: общих 0, Jaccard 0.0
2025-02-03 × 2026-06-17: общих 0, Jaccard 0.0
2025-02-03 × 2026-06-23: общих 0, Jaccard 0.0
2025-02-05 × 2025-02-12: общих 23, Jaccard 0.37
2025-02-05 × 2025-04-02: общих 0, Jaccard 0.0
2025-02-05 × 2025-04-08: общих 0, Jaccard 0.0
2025-02-05 × 2025-05-12: общих 0, Jaccard 0.0
2025-02-05 × 2025-05-14: общих 0, Jaccard 0.0
2025-02-05 × 2025-06-20: общих 0, Jaccard 0.0
2025-02-05 × 2025-06-25: общих 0, Jaccard 0.0
2025-02-05 × 2025-07-17: общих 0, Jaccard 0.0
2025-02-05 × 2025-07-23: общих 0, Jaccard 0.0
2025-02-05 × 2025-10-01: общих 0, Jaccard 0.0
2025-02-05 × 2025-10-03: общих 0, Jaccard 0.0
2025-02-05 × 2025-10-06: общих 0, Jaccard 0.0
2025-02-05 × 2025-10-08: общих 0, Jaccard 0.0
2025-02-05 × 2025-10-09: общих 0, Jaccard 0.0
2025-02-05 × 2025-10-24: общих 0, Jaccard 0.0
2025-02-05 × 2025-10-30: общих 0, Jaccard 0.0
2025-02-05 × 2025-11-20: общих 0, Jaccard 0.0
2025-02-05 × 2025-11-21: общих 0, Jaccard 0.0
2025-02-05 × 2025-11-26: общих 0, Jaccard 0.0
2025-02-05 × 2025-12-10: общих 0, Jaccard 0.0
2025-02-05 × 2025-12-11: общих 0, Jaccard 0.0
2025-02-05 × 2025-12-12: общих 0, Jaccard 0.0
2025-02-05 × 2025-12-18: общих 0, Jaccard 0.0
2025-02-05 × 2026-02-09: общих 23, Jaccard 0.57
2025-02-05 × 2026-02-10: общих 0, Jaccard 0.0
2025-02-05 × 2026-02-12: общих 23, Jaccard 0.37
2025-02-05 × 2026-04-02: общих 0, Jaccard 0.0
2025-02-05 × 2026-04-03: общих 0, Jaccard 0.0
2025-02-05 × 2026-04-08: общих 0, Jaccard 0.0
2025-02-05 × 2026-05-07: общих 0, Jaccard 0.0
2025-02-05 × 2026-05-26: общих 0, Jaccard 0.0
2025-02-05 × 2026-06-17: общих 0, Jaccard 0.0
2025-02-05 × 2026-06-23: общих 0, Jaccard 0.0
2025-02-12 × 2025-04-02: общих 0, Jaccard 0.0
2025-02-12 × 2025-04-08: общих 0, Jaccard 0.0
2025-02-12 × 2025-05-12: общих 0, Jaccard 0.0
2025-02-12 × 2025-05-14: общих 0, Jaccard 0.0
2025-02-12 × 2025-06-20: общих 0, Jaccard 0.0
2025-02-12 × 2025-06-25: общих 0, Jaccard 0.0
2025-02-12 × 2025-07-17: общих 0, Jaccard 0.0
2025-02-12 × 2025-07-23: общих 0, Jaccard 0.0
2025-02-12 × 2025-10-01: общих 0, Jaccard 0.0
2025-02-12 × 2025-10-03: общих 0, Jaccard 0.0
2025-02-12 × 2025-10-06: общих 0, Jaccard 0.0
2025-02-12 × 2025-10-08: общих 0, Jaccard 0.0
2025-02-12 × 2025-10-09: общих 0, Jaccard 0.0
2025-02-12 × 2025-10-24: общих 0, Jaccard 0.0
2025-02-12 × 2025-10-30: общих 0, Jaccard 0.0
2025-02-12 × 2025-11-20: общих 0, Jaccard 0.0
2025-02-12 × 2025-11-21: общих 0, Jaccard 0.0
2025-02-12 × 2025-11-26: общих 0, Jaccard 0.0
2025-02-12 × 2025-12-10: общих 0, Jaccard 0.0
2025-02-12 × 2025-12-11: общих 0, Jaccard 0.0
2025-02-12 × 2025-12-12: общих 0, Jaccard 0.0
2025-02-12 × 2025-12-18: общих 0, Jaccard 0.0
2025-02-12 × 2026-02-09: общих 40, Jaccard 0.65
2025-02-12 × 2026-02-10: общих 22, Jaccard 0.35
2025-02-12 × 2026-02-12: общих 62, Jaccard 1.0
2025-02-12 × 2026-04-02: общих 0, Jaccard 0.0
2025-02-12 × 2026-04-03: общих 0, Jaccard 0.0
2025-02-12 × 2026-04-08: общих 0, Jaccard 0.0
2025-02-12 × 2026-05-07: общих 0, Jaccard 0.0
2025-02-12 × 2026-05-26: общих 0, Jaccard 0.0
2025-02-12 × 2026-06-17: общих 0, Jaccard 0.0
2025-02-12 × 2026-06-23: общих 0, Jaccard 0.0
2025-04-02 × 2025-04-08: общих 34, Jaccard 1.0
2025-04-02 × 2025-05-12: общих 0, Jaccard 0.0
2025-04-02 × 2025-05-14: общих 0, Jaccard 0.0
2025-04-02 × 2025-06-20: общих 0, Jaccard 0.0
2025-04-02 × 2025-06-25: общих 0, Jaccard 0.0
2025-04-02 × 2025-07-17: общих 0, Jaccard 0.0
2025-04-02 × 2025-07-23: общих 0, Jaccard 0.0
2025-04-02 × 2025-10-01: общих 0, Jaccard 0.0
2025-04-02 × 2025-10-03: общих 0, Jaccard 0.0
2025-04-02 × 2025-10-06: общих 0, Jaccard 0.0
2025-04-02 × 2025-10-08: общих 0, Jaccard 0.0
2025-04-02 × 2025-10-09: общих 0, Jaccard 0.0
2025-04-02 × 2025-10-24: общих 0, Jaccard 0.0
2025-04-02 × 2025-10-30: общих 0, Jaccard 0.0
2025-04-02 × 2025-11-20: общих 0, Jaccard 0.0
2025-04-02 × 2025-11-21: общих 0, Jaccard 0.0
2025-04-02 × 2025-11-26: общих 0, Jaccard 0.0
2025-04-02 × 2025-12-10: общих 0, Jaccard 0.0
2025-04-02 × 2025-12-11: общих 0, Jaccard 0.0
2025-04-02 × 2025-12-12: общих 0, Jaccard 0.0
2025-04-02 × 2025-12-18: общих 0, Jaccard 0.0
2025-04-02 × 2026-02-09: общих 0, Jaccard 0.0
2025-04-02 × 2026-02-10: общих 0, Jaccard 0.0
2025-04-02 × 2026-02-12: общих 0, Jaccard 0.0
2025-04-02 × 2026-04-02: общих 18, Jaccard 0.53
2025-04-02 × 2026-04-03: общих 16, Jaccard 0.47
2025-04-02 × 2026-04-08: общих 34, Jaccard 1.0
2025-04-02 × 2026-05-07: общих 0, Jaccard 0.0
2025-04-02 × 2026-05-26: общих 0, Jaccard 0.0
2025-04-02 × 2026-06-17: общих 0, Jaccard 0.0
2025-04-02 × 2026-06-23: общих 0, Jaccard 0.0
2025-04-08 × 2025-05-12: общих 0, Jaccard 0.0
2025-04-08 × 2025-05-14: общих 0, Jaccard 0.0
2025-04-08 × 2025-06-20: общих 0, Jaccard 0.0
2025-04-08 × 2025-06-25: общих 0, Jaccard 0.0
2025-04-08 × 2025-07-17: общих 0, Jaccard 0.0
2025-04-08 × 2025-07-23: общих 0, Jaccard 0.0
2025-04-08 × 2025-10-01: общих 0, Jaccard 0.0
2025-04-08 × 2025-10-03: общих 0, Jaccard 0.0
2025-04-08 × 2025-10-06: общих 0, Jaccard 0.0
2025-04-08 × 2025-10-08: общих 0, Jaccard 0.0
2025-04-08 × 2025-10-09: общих 0, Jaccard 0.0
2025-04-08 × 2025-10-24: общих 0, Jaccard 0.0
2025-04-08 × 2025-10-30: общих 0, Jaccard 0.0
2025-04-08 × 2025-11-20: общих 0, Jaccard 0.0
2025-04-08 × 2025-11-21: общих 0, Jaccard 0.0
2025-04-08 × 2025-11-26: общих 0, Jaccard 0.0
2025-04-08 × 2025-12-10: общих 0, Jaccard 0.0
2025-04-08 × 2025-12-11: общих 0, Jaccard 0.0
2025-04-08 × 2025-12-12: общих 0, Jaccard 0.0
2025-04-08 × 2025-12-18: общих 0, Jaccard 0.0
2025-04-08 × 2026-02-09: общих 0, Jaccard 0.0
2025-04-08 × 2026-02-10: общих 0, Jaccard 0.0
2025-04-08 × 2026-02-12: общих 0, Jaccard 0.0
2025-04-08 × 2026-04-02: общих 18, Jaccard 0.53
2025-04-08 × 2026-04-03: общих 16, Jaccard 0.47
2025-04-08 × 2026-04-08: общих 34, Jaccard 1.0
2025-04-08 × 2026-05-07: общих 0, Jaccard 0.0
2025-04-08 × 2026-05-26: общих 0, Jaccard 0.0
2025-04-08 × 2026-06-17: общих 0, Jaccard 0.0
2025-04-08 × 2026-06-23: общих 0, Jaccard 0.0
2025-05-12 × 2025-05-14: общих 40, Jaccard 1.0
2025-05-12 × 2025-06-20: общих 0, Jaccard 0.0
2025-05-12 × 2025-06-25: общих 0, Jaccard 0.0
2025-05-12 × 2025-07-17: общих 0, Jaccard 0.0
2025-05-12 × 2025-07-23: общих 0, Jaccard 0.0
2025-05-12 × 2025-10-01: общих 0, Jaccard 0.0
2025-05-12 × 2025-10-03: общих 0, Jaccard 0.0
2025-05-12 × 2025-10-06: общих 0, Jaccard 0.0
2025-05-12 × 2025-10-08: общих 0, Jaccard 0.0
2025-05-12 × 2025-10-09: общих 0, Jaccard 0.0
2025-05-12 × 2025-10-24: общих 0, Jaccard 0.0
2025-05-12 × 2025-10-30: общих 0, Jaccard 0.0
2025-05-12 × 2025-11-20: общих 0, Jaccard 0.0
2025-05-12 × 2025-11-21: общих 0, Jaccard 0.0
2025-05-12 × 2025-11-26: общих 0, Jaccard 0.0
2025-05-12 × 2025-12-10: общих 0, Jaccard 0.0
2025-05-12 × 2025-12-11: общих 0, Jaccard 0.0
2025-05-12 × 2025-12-12: общих 0, Jaccard 0.0
2025-05-12 × 2025-12-18: общих 0, Jaccard 0.0
2025-05-12 × 2026-02-09: общих 0, Jaccard 0.0
2025-05-12 × 2026-02-10: общих 0, Jaccard 0.0
2025-05-12 × 2026-02-12: общих 0, Jaccard 0.0
2025-05-12 × 2026-04-02: общих 0, Jaccard 0.0
2025-05-12 × 2026-04-03: общих 0, Jaccard 0.0
2025-05-12 × 2026-04-08: общих 0, Jaccard 0.0
2025-05-12 × 2026-05-07: общих 39, Jaccard 0.97
2025-05-12 × 2026-05-26: общих 39, Jaccard 0.97
2025-05-12 × 2026-06-17: общих 0, Jaccard 0.0
2025-05-12 × 2026-06-23: общих 0, Jaccard 0.0
2025-05-14 × 2025-06-20: общих 0, Jaccard 0.0
2025-05-14 × 2025-06-25: общих 0, Jaccard 0.0
2025-05-14 × 2025-07-17: общих 0, Jaccard 0.0
2025-05-14 × 2025-07-23: общих 0, Jaccard 0.0
2025-05-14 × 2025-10-01: общих 0, Jaccard 0.0
2025-05-14 × 2025-10-03: общих 0, Jaccard 0.0
2025-05-14 × 2025-10-06: общих 0, Jaccard 0.0
2025-05-14 × 2025-10-08: общих 0, Jaccard 0.0
2025-05-14 × 2025-10-09: общих 0, Jaccard 0.0
2025-05-14 × 2025-10-24: общих 0, Jaccard 0.0
2025-05-14 × 2025-10-30: общих 0, Jaccard 0.0
2025-05-14 × 2025-11-20: общих 0, Jaccard 0.0
2025-05-14 × 2025-11-21: общих 0, Jaccard 0.0
2025-05-14 × 2025-11-26: общих 0, Jaccard 0.0
2025-05-14 × 2025-12-10: общих 0, Jaccard 0.0
2025-05-14 × 2025-12-11: общих 0, Jaccard 0.0
2025-05-14 × 2025-12-12: общих 0, Jaccard 0.0
2025-05-14 × 2025-12-18: общих 0, Jaccard 0.0
2025-05-14 × 2026-02-09: общих 0, Jaccard 0.0
2025-05-14 × 2026-02-10: общих 0, Jaccard 0.0
2025-05-14 × 2026-02-12: общих 0, Jaccard 0.0
2025-05-14 × 2026-04-02: общих 0, Jaccard 0.0
2025-05-14 × 2026-04-03: общих 0, Jaccard 0.0
2025-05-14 × 2026-04-08: общих 0, Jaccard 0.0
2025-05-14 × 2026-05-07: общих 39, Jaccard 0.97
2025-05-14 × 2026-05-26: общих 39, Jaccard 0.97
2025-05-14 × 2026-06-17: общих 0, Jaccard 0.0
2025-05-14 × 2026-06-23: общих 0, Jaccard 0.0
2025-06-20 × 2025-06-25: общих 33, Jaccard 1.0
2025-06-20 × 2025-07-17: общих 0, Jaccard 0.0
2025-06-20 × 2025-07-23: общих 0, Jaccard 0.0
2025-06-20 × 2025-10-01: общих 0, Jaccard 0.0
2025-06-20 × 2025-10-03: общих 0, Jaccard 0.0
2025-06-20 × 2025-10-06: общих 0, Jaccard 0.0
2025-06-20 × 2025-10-08: общих 0, Jaccard 0.0
2025-06-20 × 2025-10-09: общих 0, Jaccard 0.0
2025-06-20 × 2025-10-24: общих 0, Jaccard 0.0
2025-06-20 × 2025-10-30: общих 0, Jaccard 0.0
2025-06-20 × 2025-11-20: общих 0, Jaccard 0.0
2025-06-20 × 2025-11-21: общих 0, Jaccard 0.0
2025-06-20 × 2025-11-26: общих 0, Jaccard 0.0
2025-06-20 × 2025-12-10: общих 0, Jaccard 0.0
2025-06-20 × 2025-12-11: общих 0, Jaccard 0.0
2025-06-20 × 2025-12-12: общих 0, Jaccard 0.0
2025-06-20 × 2025-12-18: общих 0, Jaccard 0.0
2025-06-20 × 2026-02-09: общих 0, Jaccard 0.0
2025-06-20 × 2026-02-10: общих 0, Jaccard 0.0
2025-06-20 × 2026-02-12: общих 0, Jaccard 0.0
2025-06-20 × 2026-04-02: общих 0, Jaccard 0.0
2025-06-20 × 2026-04-03: общих 0, Jaccard 0.0
2025-06-20 × 2026-04-08: общих 0, Jaccard 0.0
2025-06-20 × 2026-05-07: общих 0, Jaccard 0.0
2025-06-20 × 2026-05-26: общих 0, Jaccard 0.0
2025-06-20 × 2026-06-17: общих 33, Jaccard 1.0
2025-06-20 × 2026-06-23: общих 33, Jaccard 1.0
2025-06-25 × 2025-07-17: общих 0, Jaccard 0.0
2025-06-25 × 2025-07-23: общих 0, Jaccard 0.0
2025-06-25 × 2025-10-01: общих 0, Jaccard 0.0
2025-06-25 × 2025-10-03: общих 0, Jaccard 0.0
2025-06-25 × 2025-10-06: общих 0, Jaccard 0.0
2025-06-25 × 2025-10-08: общих 0, Jaccard 0.0
2025-06-25 × 2025-10-09: общих 0, Jaccard 0.0
2025-06-25 × 2025-10-24: общих 0, Jaccard 0.0
2025-06-25 × 2025-10-30: общих 0, Jaccard 0.0
2025-06-25 × 2025-11-20: общих 0, Jaccard 0.0
2025-06-25 × 2025-11-21: общих 0, Jaccard 0.0
2025-06-25 × 2025-11-26: общих 0, Jaccard 0.0
2025-06-25 × 2025-12-10: общих 0, Jaccard 0.0
2025-06-25 × 2025-12-11: общих 0, Jaccard 0.0
2025-06-25 × 2025-12-12: общих 0, Jaccard 0.0
2025-06-25 × 2025-12-18: общих 0, Jaccard 0.0
2025-06-25 × 2026-02-09: общих 0, Jaccard 0.0
2025-06-25 × 2026-02-10: общих 0, Jaccard 0.0
2025-06-25 × 2026-02-12: общих 0, Jaccard 0.0
2025-06-25 × 2026-04-02: общих 0, Jaccard 0.0
2025-06-25 × 2026-04-03: общих 0, Jaccard 0.0
2025-06-25 × 2026-04-08: общих 0, Jaccard 0.0
2025-06-25 × 2026-05-07: общих 0, Jaccard 0.0
2025-06-25 × 2026-05-26: общих 0, Jaccard 0.0
2025-06-25 × 2026-06-17: общих 33, Jaccard 1.0
2025-06-25 × 2026-06-23: общих 33, Jaccard 1.0
2025-07-17 × 2025-07-23: общих 41, Jaccard 1.0
2025-07-17 × 2025-10-01: общих 0, Jaccard 0.0
2025-07-17 × 2025-10-03: общих 0, Jaccard 0.0
2025-07-17 × 2025-10-06: общих 0, Jaccard 0.0
2025-07-17 × 2025-10-08: общих 0, Jaccard 0.0
2025-07-17 × 2025-10-09: общих 0, Jaccard 0.0
2025-07-17 × 2025-10-24: общих 0, Jaccard 0.0
2025-07-17 × 2025-10-30: общих 0, Jaccard 0.0
2025-07-17 × 2025-11-20: общих 0, Jaccard 0.0
2025-07-17 × 2025-11-21: общих 0, Jaccard 0.0
2025-07-17 × 2025-11-26: общих 0, Jaccard 0.0
2025-07-17 × 2025-12-10: общих 0, Jaccard 0.0
2025-07-17 × 2025-12-11: общих 0, Jaccard 0.0
2025-07-17 × 2025-12-12: общих 0, Jaccard 0.0
2025-07-17 × 2025-12-18: общих 0, Jaccard 0.0
2025-07-17 × 2026-02-09: общих 0, Jaccard 0.0
2025-07-17 × 2026-02-10: общих 0, Jaccard 0.0
2025-07-17 × 2026-02-12: общих 0, Jaccard 0.0
2025-07-17 × 2026-04-02: общих 0, Jaccard 0.0
2025-07-17 × 2026-04-03: общих 0, Jaccard 0.0
2025-07-17 × 2026-04-08: общих 0, Jaccard 0.0
2025-07-17 × 2026-05-07: общих 0, Jaccard 0.0
2025-07-17 × 2026-05-26: общих 0, Jaccard 0.0
2025-07-17 × 2026-06-17: общих 0, Jaccard 0.0
2025-07-17 × 2026-06-23: общих 0, Jaccard 0.0
2025-07-23 × 2025-10-01: общих 0, Jaccard 0.0
2025-07-23 × 2025-10-03: общих 0, Jaccard 0.0
2025-07-23 × 2025-10-06: общих 0, Jaccard 0.0
2025-07-23 × 2025-10-08: общих 0, Jaccard 0.0
2025-07-23 × 2025-10-09: общих 0, Jaccard 0.0
2025-07-23 × 2025-10-24: общих 0, Jaccard 0.0
2025-07-23 × 2025-10-30: общих 0, Jaccard 0.0
2025-07-23 × 2025-11-20: общих 0, Jaccard 0.0
2025-07-23 × 2025-11-21: общих 0, Jaccard 0.0
2025-07-23 × 2025-11-26: общих 0, Jaccard 0.0
2025-07-23 × 2025-12-10: общих 0, Jaccard 0.0
2025-07-23 × 2025-12-11: общих 0, Jaccard 0.0
2025-07-23 × 2025-12-12: общих 0, Jaccard 0.0
2025-07-23 × 2025-12-18: общих 0, Jaccard 0.0
2025-07-23 × 2026-02-09: общих 0, Jaccard 0.0
2025-07-23 × 2026-02-10: общих 0, Jaccard 0.0
2025-07-23 × 2026-02-12: общих 0, Jaccard 0.0
2025-07-23 × 2026-04-02: общих 0, Jaccard 0.0
2025-07-23 × 2026-04-03: общих 0, Jaccard 0.0
2025-07-23 × 2026-04-08: общих 0, Jaccard 0.0
2025-07-23 × 2026-05-07: общих 0, Jaccard 0.0
2025-07-23 × 2026-05-26: общих 0, Jaccard 0.0
2025-07-23 × 2026-06-17: общих 0, Jaccard 0.0
2025-07-23 × 2026-06-23: общих 0, Jaccard 0.0
2025-10-01 × 2025-10-03: общих 0, Jaccard 0.0
2025-10-01 × 2025-10-06: общих 0, Jaccard 0.0
2025-10-01 × 2025-10-08: общих 59, Jaccard 0.75
2025-10-01 × 2025-10-09: общих 0, Jaccard 0.0
2025-10-01 × 2025-10-24: общих 0, Jaccard 0.0
2025-10-01 × 2025-10-30: общих 0, Jaccard 0.0
2025-10-01 × 2025-11-20: общих 0, Jaccard 0.0
2025-10-01 × 2025-11-21: общих 0, Jaccard 0.0
2025-10-01 × 2025-11-26: общих 0, Jaccard 0.0
2025-10-01 × 2025-12-10: общих 0, Jaccard 0.0
2025-10-01 × 2025-12-11: общих 0, Jaccard 0.0
2025-10-01 × 2025-12-12: общих 0, Jaccard 0.0
2025-10-01 × 2025-12-18: общих 0, Jaccard 0.0
2025-10-01 × 2026-02-09: общих 0, Jaccard 0.0
2025-10-01 × 2026-02-10: общих 0, Jaccard 0.0
2025-10-01 × 2026-02-12: общих 0, Jaccard 0.0
2025-10-01 × 2026-04-02: общих 0, Jaccard 0.0
2025-10-01 × 2026-04-03: общих 0, Jaccard 0.0
2025-10-01 × 2026-04-08: общих 0, Jaccard 0.0
2025-10-01 × 2026-05-07: общих 0, Jaccard 0.0
2025-10-01 × 2026-05-26: общих 0, Jaccard 0.0
2025-10-01 × 2026-06-17: общих 0, Jaccard 0.0
2025-10-01 × 2026-06-23: общих 0, Jaccard 0.0
2025-10-03 × 2025-10-06: общих 0, Jaccard 0.0
2025-10-03 × 2025-10-08: общих 20, Jaccard 0.25
2025-10-03 × 2025-10-09: общих 0, Jaccard 0.0
2025-10-03 × 2025-10-24: общих 0, Jaccard 0.0
2025-10-03 × 2025-10-30: общих 0, Jaccard 0.0
2025-10-03 × 2025-11-20: общих 0, Jaccard 0.0
2025-10-03 × 2025-11-21: общих 0, Jaccard 0.0
2025-10-03 × 2025-11-26: общих 0, Jaccard 0.0
2025-10-03 × 2025-12-10: общих 0, Jaccard 0.0
2025-10-03 × 2025-12-11: общих 0, Jaccard 0.0
2025-10-03 × 2025-12-12: общих 0, Jaccard 0.0
2025-10-03 × 2025-12-18: общих 0, Jaccard 0.0
2025-10-03 × 2026-02-09: общих 0, Jaccard 0.0
2025-10-03 × 2026-02-10: общих 0, Jaccard 0.0
2025-10-03 × 2026-02-12: общих 0, Jaccard 0.0
2025-10-03 × 2026-04-02: общих 0, Jaccard 0.0
2025-10-03 × 2026-04-03: общих 0, Jaccard 0.0
2025-10-03 × 2026-04-08: общих 0, Jaccard 0.0
2025-10-03 × 2026-05-07: общих 0, Jaccard 0.0
2025-10-03 × 2026-05-26: общих 0, Jaccard 0.0
2025-10-03 × 2026-06-17: общих 0, Jaccard 0.0
2025-10-03 × 2026-06-23: общих 0, Jaccard 0.0
2025-10-06 × 2025-10-08: общих 0, Jaccard 0.0
2025-10-06 × 2025-10-09: общих 17, Jaccard 1.0
2025-10-06 × 2025-10-24: общих 0, Jaccard 0.0
2025-10-06 × 2025-10-30: общих 0, Jaccard 0.0
2025-10-06 × 2025-11-20: общих 0, Jaccard 0.0
2025-10-06 × 2025-11-21: общих 0, Jaccard 0.0
2025-10-06 × 2025-11-26: общих 0, Jaccard 0.0
2025-10-06 × 2025-12-10: общих 0, Jaccard 0.0
2025-10-06 × 2025-12-11: общих 0, Jaccard 0.0
2025-10-06 × 2025-12-12: общих 0, Jaccard 0.0
2025-10-06 × 2025-12-18: общих 0, Jaccard 0.0
2025-10-06 × 2026-02-09: общих 0, Jaccard 0.0
2025-10-06 × 2026-02-10: общих 0, Jaccard 0.0
2025-10-06 × 2026-02-12: общих 0, Jaccard 0.0
2025-10-06 × 2026-04-02: общих 0, Jaccard 0.0
2025-10-06 × 2026-04-03: общих 0, Jaccard 0.0
2025-10-06 × 2026-04-08: общих 0, Jaccard 0.0
2025-10-06 × 2026-05-07: общих 0, Jaccard 0.0
2025-10-06 × 2026-05-26: общих 0, Jaccard 0.0
2025-10-06 × 2026-06-17: общих 0, Jaccard 0.0
2025-10-06 × 2026-06-23: общих 0, Jaccard 0.0
2025-10-08 × 2025-10-09: общих 0, Jaccard 0.0
2025-10-08 × 2025-10-24: общих 0, Jaccard 0.0
2025-10-08 × 2025-10-30: общих 0, Jaccard 0.0
2025-10-08 × 2025-11-20: общих 0, Jaccard 0.0
2025-10-08 × 2025-11-21: общих 0, Jaccard 0.0
2025-10-08 × 2025-11-26: общих 0, Jaccard 0.0
2025-10-08 × 2025-12-10: общих 0, Jaccard 0.0
2025-10-08 × 2025-12-11: общих 0, Jaccard 0.0
2025-10-08 × 2025-12-12: общих 0, Jaccard 0.0
2025-10-08 × 2025-12-18: общих 0, Jaccard 0.0
2025-10-08 × 2026-02-09: общих 0, Jaccard 0.0
2025-10-08 × 2026-02-10: общих 0, Jaccard 0.0
2025-10-08 × 2026-02-12: общих 0, Jaccard 0.0
2025-10-08 × 2026-04-02: общих 0, Jaccard 0.0
2025-10-08 × 2026-04-03: общих 0, Jaccard 0.0
2025-10-08 × 2026-04-08: общих 0, Jaccard 0.0
2025-10-08 × 2026-05-07: общих 0, Jaccard 0.0
2025-10-08 × 2026-05-26: общих 0, Jaccard 0.0
2025-10-08 × 2026-06-17: общих 0, Jaccard 0.0
2025-10-08 × 2026-06-23: общих 0, Jaccard 0.0
2025-10-09 × 2025-10-24: общих 0, Jaccard 0.0
2025-10-09 × 2025-10-30: общих 0, Jaccard 0.0
2025-10-09 × 2025-11-20: общих 0, Jaccard 0.0
2025-10-09 × 2025-11-21: общих 0, Jaccard 0.0
2025-10-09 × 2025-11-26: общих 0, Jaccard 0.0
2025-10-09 × 2025-12-10: общих 0, Jaccard 0.0
2025-10-09 × 2025-12-11: общих 0, Jaccard 0.0
2025-10-09 × 2025-12-12: общих 0, Jaccard 0.0
2025-10-09 × 2025-12-18: общих 0, Jaccard 0.0
2025-10-09 × 2026-02-09: общих 0, Jaccard 0.0
2025-10-09 × 2026-02-10: общих 0, Jaccard 0.0
2025-10-09 × 2026-02-12: общих 0, Jaccard 0.0
2025-10-09 × 2026-04-02: общих 0, Jaccard 0.0
2025-10-09 × 2026-04-03: общих 0, Jaccard 0.0
2025-10-09 × 2026-04-08: общих 0, Jaccard 0.0
2025-10-09 × 2026-05-07: общих 0, Jaccard 0.0
2025-10-09 × 2026-05-26: общих 0, Jaccard 0.0
2025-10-09 × 2026-06-17: общих 0, Jaccard 0.0
2025-10-09 × 2026-06-23: общих 0, Jaccard 0.0
2025-10-24 × 2025-10-30: общих 38, Jaccard 0.95
2025-10-24 × 2025-11-20: общих 0, Jaccard 0.0
2025-10-24 × 2025-11-21: общих 0, Jaccard 0.0
2025-10-24 × 2025-11-26: общих 0, Jaccard 0.0
2025-10-24 × 2025-12-10: общих 0, Jaccard 0.0
2025-10-24 × 2025-12-11: общих 0, Jaccard 0.0
2025-10-24 × 2025-12-12: общих 0, Jaccard 0.0
2025-10-24 × 2025-12-18: общих 0, Jaccard 0.0
2025-10-24 × 2026-02-09: общих 0, Jaccard 0.0
2025-10-24 × 2026-02-10: общих 0, Jaccard 0.0
2025-10-24 × 2026-02-12: общих 0, Jaccard 0.0
2025-10-24 × 2026-04-02: общих 0, Jaccard 0.0
2025-10-24 × 2026-04-03: общих 0, Jaccard 0.0
2025-10-24 × 2026-04-08: общих 0, Jaccard 0.0
2025-10-24 × 2026-05-07: общих 0, Jaccard 0.0
2025-10-24 × 2026-05-26: общих 0, Jaccard 0.0
2025-10-24 × 2026-06-17: общих 0, Jaccard 0.0
2025-10-24 × 2026-06-23: общих 0, Jaccard 0.0
2025-10-30 × 2025-11-20: общих 0, Jaccard 0.0
2025-10-30 × 2025-11-21: общих 0, Jaccard 0.0
2025-10-30 × 2025-11-26: общих 0, Jaccard 0.0
2025-10-30 × 2025-12-10: общих 0, Jaccard 0.0
2025-10-30 × 2025-12-11: общих 0, Jaccard 0.0
2025-10-30 × 2025-12-12: общих 0, Jaccard 0.0
2025-10-30 × 2025-12-18: общих 0, Jaccard 0.0
2025-10-30 × 2026-02-09: общих 0, Jaccard 0.0
2025-10-30 × 2026-02-10: общих 0, Jaccard 0.0
2025-10-30 × 2026-02-12: общих 0, Jaccard 0.0
2025-10-30 × 2026-04-02: общих 0, Jaccard 0.0
2025-10-30 × 2026-04-03: общих 0, Jaccard 0.0
2025-10-30 × 2026-04-08: общих 0, Jaccard 0.0
2025-10-30 × 2026-05-07: общих 0, Jaccard 0.0
2025-10-30 × 2026-05-26: общих 0, Jaccard 0.0
2025-10-30 × 2026-06-17: общих 0, Jaccard 0.0
2025-10-30 × 2026-06-23: общих 0, Jaccard 0.0
2025-11-20 × 2025-11-21: общих 1, Jaccard 0.02
2025-11-20 × 2025-11-26: общих 34, Jaccard 0.62
2025-11-20 × 2025-12-10: общих 0, Jaccard 0.0
2025-11-20 × 2025-12-11: общих 0, Jaccard 0.0
2025-11-20 × 2025-12-12: общих 0, Jaccard 0.0
2025-11-20 × 2025-12-18: общих 0, Jaccard 0.0
2025-11-20 × 2026-02-09: общих 0, Jaccard 0.0
2025-11-20 × 2026-02-10: общих 1, Jaccard 0.02
2025-11-20 × 2026-02-12: общих 0, Jaccard 0.0
2025-11-20 × 2026-04-02: общих 0, Jaccard 0.0
2025-11-20 × 2026-04-03: общих 0, Jaccard 0.0
2025-11-20 × 2026-04-08: общих 0, Jaccard 0.0
2025-11-20 × 2026-05-07: общих 0, Jaccard 0.0
2025-11-20 × 2026-05-26: общих 0, Jaccard 0.0
2025-11-20 × 2026-06-17: общих 0, Jaccard 0.0
2025-11-20 × 2026-06-23: общих 0, Jaccard 0.0
2025-11-21 × 2025-11-26: общих 22, Jaccard 0.4
2025-11-21 × 2025-12-10: общих 0, Jaccard 0.0
2025-11-21 × 2025-12-11: общих 0, Jaccard 0.0
2025-11-21 × 2025-12-12: общих 0, Jaccard 0.0
2025-11-21 × 2025-12-18: общих 0, Jaccard 0.0
2025-11-21 × 2026-02-09: общих 0, Jaccard 0.0
2025-11-21 × 2026-02-10: общих 0, Jaccard 0.0
2025-11-21 × 2026-02-12: общих 0, Jaccard 0.0
2025-11-21 × 2026-04-02: общих 0, Jaccard 0.0
2025-11-21 × 2026-04-03: общих 0, Jaccard 0.0
2025-11-21 × 2026-04-08: общих 0, Jaccard 0.0
2025-11-21 × 2026-05-07: общих 0, Jaccard 0.0
2025-11-21 × 2026-05-26: общих 0, Jaccard 0.0
2025-11-21 × 2026-06-17: общих 0, Jaccard 0.0
2025-11-21 × 2026-06-23: общих 0, Jaccard 0.0
2025-11-26 × 2025-12-10: общих 0, Jaccard 0.0
2025-11-26 × 2025-12-11: общих 0, Jaccard 0.0
2025-11-26 × 2025-12-12: общих 0, Jaccard 0.0
2025-11-26 × 2025-12-18: общих 0, Jaccard 0.0
2025-11-26 × 2026-02-09: общих 0, Jaccard 0.0
2025-11-26 × 2026-02-10: общих 1, Jaccard 0.01
2025-11-26 × 2026-02-12: общих 0, Jaccard 0.0
2025-11-26 × 2026-04-02: общих 0, Jaccard 0.0
2025-11-26 × 2026-04-03: общих 0, Jaccard 0.0
2025-11-26 × 2026-04-08: общих 0, Jaccard 0.0
2025-11-26 × 2026-05-07: общих 0, Jaccard 0.0
2025-11-26 × 2026-05-26: общих 0, Jaccard 0.0
2025-11-26 × 2026-06-17: общих 0, Jaccard 0.0
2025-11-26 × 2026-06-23: общих 0, Jaccard 0.0
2025-12-10 × 2025-12-11: общих 10, Jaccard 0.13
2025-12-10 × 2025-12-12: общих 9, Jaccard 0.38
2025-12-10 × 2025-12-18: общих 0, Jaccard 0.0
2025-12-10 × 2026-02-09: общих 0, Jaccard 0.0
2025-12-10 × 2026-02-10: общих 0, Jaccard 0.0
2025-12-10 × 2026-02-12: общих 0, Jaccard 0.0
2025-12-10 × 2026-04-02: общих 0, Jaccard 0.0
2025-12-10 × 2026-04-03: общих 0, Jaccard 0.0
2025-12-10 × 2026-04-08: общих 0, Jaccard 0.0
2025-12-10 × 2026-05-07: общих 0, Jaccard 0.0
2025-12-10 × 2026-05-26: общих 0, Jaccard 0.0
2025-12-10 × 2026-06-17: общих 0, Jaccard 0.0
2025-12-10 × 2026-06-23: общих 0, Jaccard 0.0
2025-12-11 × 2025-12-12: общих 0, Jaccard 0.0
2025-12-11 × 2025-12-18: общих 55, Jaccard 0.82
2025-12-11 × 2026-02-09: общих 0, Jaccard 0.0
2025-12-11 × 2026-02-10: общих 0, Jaccard 0.0
2025-12-11 × 2026-02-12: общих 0, Jaccard 0.0
2025-12-11 × 2026-04-02: общих 0, Jaccard 0.0
2025-12-11 × 2026-04-03: общих 0, Jaccard 0.0
2025-12-11 × 2026-04-08: общих 0, Jaccard 0.0
2025-12-11 × 2026-05-07: общих 0, Jaccard 0.0
2025-12-11 × 2026-05-26: общих 0, Jaccard 0.0
2025-12-11 × 2026-06-17: общих 0, Jaccard 0.0
2025-12-11 × 2026-06-23: общих 0, Jaccard 0.0
2025-12-12 × 2025-12-18: общих 0, Jaccard 0.0
2025-12-12 × 2026-02-09: общих 0, Jaccard 0.0
2025-12-12 × 2026-02-10: общих 0, Jaccard 0.0
2025-12-12 × 2026-02-12: общих 0, Jaccard 0.0
2025-12-12 × 2026-04-02: общих 0, Jaccard 0.0
2025-12-12 × 2026-04-03: общих 0, Jaccard 0.0
2025-12-12 × 2026-04-08: общих 0, Jaccard 0.0
2025-12-12 × 2026-05-07: общих 0, Jaccard 0.0
2025-12-12 × 2026-05-26: общих 0, Jaccard 0.0
2025-12-12 × 2026-06-17: общих 0, Jaccard 0.0
2025-12-12 × 2026-06-23: общих 0, Jaccard 0.0
2025-12-18 × 2026-02-09: общих 0, Jaccard 0.0
2025-12-18 × 2026-02-10: общих 0, Jaccard 0.0
2025-12-18 × 2026-02-12: общих 0, Jaccard 0.0
2025-12-18 × 2026-04-02: общих 0, Jaccard 0.0
2025-12-18 × 2026-04-03: общих 0, Jaccard 0.0
2025-12-18 × 2026-04-08: общих 0, Jaccard 0.0
2025-12-18 × 2026-05-07: общих 0, Jaccard 0.0
2025-12-18 × 2026-05-26: общих 0, Jaccard 0.0
2025-12-18 × 2026-06-17: общих 0, Jaccard 0.0
2025-12-18 × 2026-06-23: общих 0, Jaccard 0.0
2026-02-09 × 2026-02-10: общих 0, Jaccard 0.0
2026-02-09 × 2026-02-12: общих 40, Jaccard 0.65
2026-02-09 × 2026-04-02: общих 0, Jaccard 0.0
2026-02-09 × 2026-04-03: общих 0, Jaccard 0.0
2026-02-09 × 2026-04-08: общих 0, Jaccard 0.0
2026-02-09 × 2026-05-07: общих 0, Jaccard 0.0
2026-02-09 × 2026-05-26: общих 0, Jaccard 0.0
2026-02-09 × 2026-06-17: общих 0, Jaccard 0.0
2026-02-09 × 2026-06-23: общих 0, Jaccard 0.0
2026-02-10 × 2026-02-12: общих 22, Jaccard 0.35
2026-02-10 × 2026-04-02: общих 0, Jaccard 0.0
2026-02-10 × 2026-04-03: общих 0, Jaccard 0.0
2026-02-10 × 2026-04-08: общих 0, Jaccard 0.0
2026-02-10 × 2026-05-07: общих 0, Jaccard 0.0
2026-02-10 × 2026-05-26: общих 0, Jaccard 0.0
2026-02-10 × 2026-06-17: общих 0, Jaccard 0.0
2026-02-10 × 2026-06-23: общих 0, Jaccard 0.0
2026-02-12 × 2026-04-02: общих 0, Jaccard 0.0
2026-02-12 × 2026-04-03: общих 0, Jaccard 0.0
2026-02-12 × 2026-04-08: общих 0, Jaccard 0.0
2026-02-12 × 2026-05-07: общих 0, Jaccard 0.0
2026-02-12 × 2026-05-26: общих 0, Jaccard 0.0
2026-02-12 × 2026-06-17: общих 0, Jaccard 0.0
2026-02-12 × 2026-06-23: общих 0, Jaccard 0.0
2026-04-02 × 2026-04-03: общих 0, Jaccard 0.0
2026-04-02 × 2026-04-08: общих 18, Jaccard 0.53
2026-04-02 × 2026-05-07: общих 0, Jaccard 0.0
2026-04-02 × 2026-05-26: общих 0, Jaccard 0.0
2026-04-02 × 2026-06-17: общих 0, Jaccard 0.0
2026-04-02 × 2026-06-23: общих 0, Jaccard 0.0
2026-04-03 × 2026-04-08: общих 16, Jaccard 0.47
2026-04-03 × 2026-05-07: общих 0, Jaccard 0.0
2026-04-03 × 2026-05-26: общих 0, Jaccard 0.0
2026-04-03 × 2026-06-17: общих 0, Jaccard 0.0
2026-04-03 × 2026-06-23: общих 0, Jaccard 0.0
2026-04-08 × 2026-05-07: общих 0, Jaccard 0.0
2026-04-08 × 2026-05-26: общих 0, Jaccard 0.0
2026-04-08 × 2026-06-17: общих 0, Jaccard 0.0
2026-04-08 × 2026-06-23: общих 0, Jaccard 0.0
2026-05-07 × 2026-05-26: общих 39, Jaccard 1.0
2026-05-07 × 2026-06-17: общих 0, Jaccard 0.0
2026-05-07 × 2026-06-23: общих 0, Jaccard 0.0
2026-05-26 × 2026-06-17: общих 0, Jaccard 0.0
2026-05-26 × 2026-06-23: общих 0, Jaccard 0.0
2026-06-17 × 2026-06-23: общих 33, Jaccard 1.0
Уникальных газовых каналов в пачках: 482; из них в нескольких пачках: 473

=== Профиль пачек: значения и тайминг ===
2025-02-03: каналов 42, медиана максимума 1.48 %, максимумы каналов 1–2%:42 2–5%:0 5–15%:0 15+%:0; время ≥1 % — 09:18:21…14:40:31; «Обнаружен газ» 49, «Неисправен» 0, тревожных 0
    часы (строк ≥1 %): 09=11,10=22,11=1,12=12,13=23,14=11
2025-02-05: каналов 23, медиана максимума 1.50 %, максимумы каналов 1–2%:23 2–5%:0 5–15%:0 15+%:0; время ≥1 % — 09:02:52…11:24:03; «Обнаружен газ» 25, «Неисправен» 0, тревожных 0
    часы (строк ≥1 %): 09=14,10=29,11=9
2025-02-12: каналов 62, медиана максимума 1.49 %, максимумы каналов 1–2%:62 2–5%:0 5–15%:0 15+%:0; время ≥1 % — 08:52:38…12:16:20; «Обнаружен газ» 66, «Неисправен» 0, тревожных 66
    часы (строк ≥1 %): 08=6,09=33,10=37,11=32,12=12
2025-04-02: каналов 34, медиана максимума 1.50 %, максимумы каналов 1–2%:34 2–5%:0 5–15%:0 15+%:0; время ≥1 % — 10:07:33…12:30:22; «Обнаружен газ» 35, «Неисправен» 0, тревожных 0
    часы (строк ≥1 %): 10=21,11=20,12=18
2025-04-08: каналов 34, медиана максимума 1.50 %, максимумы каналов 1–2%:34 2–5%:0 5–15%:0 15+%:0; время ≥1 % — 09:31:00…11:06:33; «Обнаружен газ» 34, «Неисправен» 0, тревожных 34
    часы (строк ≥1 %): 09=20,10=36,11=7
2025-05-12: каналов 40, медиана максимума 1.51 %, максимумы каналов 1–2%:40 2–5%:0 5–15%:0 15+%:0; время ≥1 % — 09:39:14…12:17:54; «Обнаружен газ» 52, «Неисправен» 0, тревожных 0
    часы (строк ≥1 %): 09=121,10=553,11=320,12=212
2025-05-14: каналов 40, медиана максимума 1.50 %, максимумы каналов 1–2%:40 2–5%:0 5–15%:0 15+%:0; время ≥1 % — 09:29:24…11:51:36; «Обнаружен газ» 43, «Неисправен» 0, тревожных 43
    часы (строк ≥1 %): 09=171,10=465,11=343
2025-06-20: каналов 33, медиана максимума 1.50 %, максимумы каналов 1–2%:33 2–5%:0 5–15%:0 15+%:0; время ≥1 % — 09:14:14…11:12:48; «Обнаружен газ» 37, «Неисправен» 0, тревожных 0
    часы (строк ≥1 %): 09=320,10=397,11=89
2025-06-25: каналов 33, медиана максимума 1.50 %, максимумы каналов 1–2%:33 2–5%:0 5–15%:0 15+%:0; время ≥1 % — 09:42:09…11:47:24; «Обнаружен газ» 39, «Неисправен» 0, тревожных 39
    часы (строк ≥1 %): 09=182,10=316,11=361
2025-07-17: каналов 41, медиана максимума 1.48 %, максимумы каналов 1–2%:41 2–5%:0 5–15%:0 15+%:0; время ≥1 % — 09:58:58…13:25:27; «Обнаружен газ» 43, «Неисправен» 0, тревожных 0
    часы (строк ≥1 %): 09=2,10=20,11=19,12=18,13=9
2025-07-23: каналов 41, медиана максимума 1.50 %, максимумы каналов 1–2%:41 2–5%:0 5–15%:0 15+%:0; время ≥1 % — 09:38:39…11:32:38; «Обнаружен газ» 41, «Неисправен» 0, тревожных 41
    часы (строк ≥1 %): 09=17,10=40,11=25
2025-10-01: каналов 59, медиана максимума 1.52 %, максимумы каналов 1–2%:59 2–5%:0 5–15%:0 15+%:0; время ≥1 % — 09:04:27…13:24:42; «Обнаружен газ» 62, «Неисправен» 0, тревожных 0
    часы (строк ≥1 %): 09=22,10=16,11=27,12=23,13=10
2025-10-03: каналов 20, медиана максимума 1.51 %, максимумы каналов 1–2%:20 2–5%:0 5–15%:0 15+%:0; время ≥1 % — 09:39:10…12:54:07; «Обнаружен газ» 22, «Неисправен» 7, тревожных 29
    часы (строк ≥1 %): 09=8,10=11,12=24
2025-10-06: каналов 17, медиана максимума 1.57 %, максимумы каналов 1–2%:17 2–5%:0 5–15%:0 15+%:0; время ≥1 % — 10:17:03…10:53:54; «Обнаружен газ» 17, «Неисправен» 0, тревожных 0
    часы (строк ≥1 %): 10=441
2025-10-08: каналов 79, медиана максимума 1.44 %, максимумы каналов 1–2%:79 2–5%:0 5–15%:0 15+%:0; время ≥1 % — 09:08:33…12:19:42; «Обнаружен газ» 79, «Неисправен» 0, тревожных 79
    часы (строк ≥1 %): 09=33,10=42,11=43,12=8
2025-10-09: каналов 17, медиана максимума 1.50 %, максимумы каналов 1–2%:17 2–5%:0 5–15%:0 15+%:0; время ≥1 % — 10:30:47…11:05:28; «Обнаружен газ» 17, «Неисправен» 0, тревожных 17
    часы (строк ≥1 %): 10=347,11=64
2025-10-24: каналов 38, медиана максимума 1.50 %, максимумы каналов 1–2%:38 2–5%:0 5–15%:0 15+%:0; время ≥1 % — 10:09:32…12:10:36; «Обнаружен газ» 41, «Неисправен» 0, тревожных 0
    часы (строк ≥1 %): 10=385,11=458,12=122
2025-10-30: каналов 40, медиана максимума 1.50 %, максимумы каналов 1–2%:40 2–5%:0 5–15%:0 15+%:0; время ≥1 % — 09:43:16…11:40:56; «Обнаружен газ» 40, «Неисправен» 0, тревожных 0
    часы (строк ≥1 %): 09=220,10=437,11=341
2025-11-20: каналов 34, медиана максимума 1.49 %, максимумы каналов 1–2%:33 2–5%:1 5–15%:0 15+%:0; время ≥1 % — 09:37:09…12:10:25; «Обнаружен газ» 44, «Неисправен» 0, тревожных 44
    часы (строк ≥1 %): 09=118,10=286,11=224,12=43
2025-11-21: каналов 22, медиана максимума 1.49 %, максимумы каналов 1–2%:22 2–5%:0 5–15%:0 15+%:0; время ≥1 % — 08:53:21…09:56:40; «Обнаружен газ» 24, «Неисправен» 0, тревожных 24
    часы (строк ≥1 %): 08=45,09=267
2025-11-26: каналов 55, медиана максимума 1.51 %, максимумы каналов 1–2%:54 2–5%:1 5–15%:0 15+%:0; время ≥1 % — 09:17:07…12:11:15; «Обнаружен газ» 58, «Неисправен» 0, тревожных 58
    часы (строк ≥1 %): 09=189,10=243,11=299,12=45
2025-12-10: каналов 19, медиана максимума 1.40 %, максимумы каналов 1–2%:19 2–5%:0 5–15%:0 15+%:0; время ≥1 % — 11:50:46…14:47:26; «Обнаружен газ» 20, «Неисправен» 10, тревожных 30
    часы (строк ≥1 %): 11=8,12=77,13=46,14=39
2025-12-11: каналов 67, медиана максимума 1.47 %, максимумы каналов 1–2%:67 2–5%:0 5–15%:0 15+%:0; время ≥1 % — 10:07:06…14:42:41; «Обнаружен газ» 72, «Неисправен» 1, тревожных 73
    часы (строк ≥1 %): 10=68,11=234,12=275,13=6,14=65
2025-12-12: каналов 14, медиана максимума 1.50 %, максимумы каналов 1–2%:14 2–5%:0 5–15%:0 15+%:0; время ≥1 % — 10:08:35…12:41:07; «Обнаружен газ» 17, «Неисправен» 0, тревожных 17
    часы (строк ≥1 %): 10=41,11=79,12=40
2025-12-18: каналов 55, медиана максимума 1.50 %, максимумы каналов 1–2%:55 2–5%:0 5–15%:0 15+%:0; время ≥1 % — 09:12:04…11:11:18; «Обнаружен газ» 55, «Неисправен» 0, тревожных 55
    часы (строк ≥1 %): 09=213,10=300,11=70
2026-02-09: каналов 40, медиана максимума 1.47 %, максимумы каналов 1–2%:40 2–5%:0 5–15%:0 15+%:0; время ≥1 % — 09:12:34…14:56:08; «Обнаружен газ» 43, «Неисправен» 0, тревожных 43
    часы (строк ≥1 %): 09=15,10=15,11=4,13=12,14=19
2026-02-10: каналов 23, медиана максимума 1.49 %, максимумы каналов 1–2%:23 2–5%:0 5–15%:0 15+%:0; время ≥1 % — 09:31:43…18:51:07; «Обнаружен газ» 42, «Неисправен» 5, тревожных 47
    часы (строк ≥1 %): 09=12,10=20,11=5,17=28,18=416
2026-02-12: каналов 62, медиана максимума 1.44 %, максимумы каналов 1–2%:62 2–5%:0 5–15%:0 15+%:0; время ≥1 % — 08:57:03…14:14:58; «Обнаружен газ» 65, «Неисправен» 0, тревожных 65
    часы (строк ≥1 %): 08=3,09=34,10=15,11=11,13=25,14=11
2026-04-02: каналов 18, медиана максимума 1.53 %, максимумы каналов 1–2%:18 2–5%:0 5–15%:0 15+%:0; время ≥1 % — 10:51:10…12:27:51; «Обнаружен газ» 18, «Неисправен» 0, тревожных 18
    часы (строк ≥1 %): 10=4,11=20,12=8
2026-04-03: каналов 16, медиана максимума 1.52 %, максимумы каналов 1–2%:16 2–5%:0 5–15%:0 15+%:0; время ≥1 % — 09:27:59…10:59:00; «Обнаружен газ» 16, «Неисправен» 0, тревожных 16
    часы (строк ≥1 %): 09=13,10=17
2026-04-08: каналов 34, медиана максимума 1.49 %, максимумы каналов 1–2%:34 2–5%:0 5–15%:0 15+%:0; время ≥1 % — 09:50:13…11:28:39; «Обнаружен газ» 34, «Неисправен» 0, тревожных 34
    часы (строк ≥1 %): 09=7,10=42,11=13
2026-05-07: каналов 39, медиана максимума 1.49 %, максимумы каналов 1–2%:39 2–5%:0 5–15%:0 15+%:0; время ≥1 % — 09:51:51…12:58:07; «Обнаружен газ» 40, «Неисправен» 0, тревожных 40
    часы (строк ≥1 %): 09=51,10=259,11=310,12=377
2026-05-26: каналов 39, медиана максимума 1.48 %, максимумы каналов 1–2%:39 2–5%:0 5–15%:0 15+%:0; время ≥1 % — 08:49:39…11:09:35; «Обнаружен газ» 42, «Неисправен» 0, тревожных 42
    часы (строк ≥1 %): 08=80,09=446,10=449,11=49
2026-06-17: каналов 33, медиана максимума 1.48 %, максимумы каналов 1–2%:33 2–5%:0 5–15%:0 15+%:0; время ≥1 % — 09:13:28…13:14:08; «Обнаружен газ» 39, «Неисправен» 0, тревожных 40
    часы (строк ≥1 %): 09=242,10=187,11=291,12=160,13=44
2026-06-23: каналов 33, медиана максимума 1.48 %, максимумы каналов 1–2%:33 2–5%:0 5–15%:0 15+%:0; время ≥1 % — 09:04:11…10:58:49; «Обнаружен газ» 35, «Неисправен» 0, тревожных 35
    часы (строк ≥1 %): 09=395,10=520

=== Фон: строки «Обнаружен газ» и тревожные (2025–2026) ===
2025: «Обнаружен газ» всего 2712, из них в пачках 1078 (средняя/день вне пачек 4.81); тревожных всего 35864, в пачках 662 (средняя/день вне пачек 103.54)
2026: «Обнаружен газ» всего 1342, из них в пачках 418 (средняя/день вне пачек 5.40); тревожных всего 1640, в пачках 448 (средняя/день вне пачек 6.97)

Готово.
