001_assets.sql: накатан
002_geo.sql: накатан
003_permits.sql: накатан
004_events.sql: накатан
005_xref.sql: накатан
006_explain_templates.sql: накатан
007_pred_fix.sql: накатан
008_rbac.sql: накатан
009_audit.sql: накатан
010_orders.sql: накатан
011_explain.sql: накатан
012_partitions_ahead.sql: накатан
013_setpoints.sql: накатан
015_explain_templates_fix.sql: накатан
016_explain_wording_fix.sql: накатан
017_fault_episodes.sql: накатан
018_channel_object.sql: накатан
020_app_setting.sql: накатан
022_channel_daily.sql: накатан
023_refresh_run.sql: накатан
025_forecast_current_as_of.sql: накатан
026_forecast_write_policy.sql: накатан
027_forecast_legacy_reason.sql: накатан
028_section_weight.sql: накатан
029_ml_readonly.sql: накатан
030_model_failure_value.sql: накатан
031_channel_location_kind.sql: накатан
032_section_weight_window.sql: накатан
033_pfx_collector.sql: накатан
034_explain_v3.sql: накатан
035_order_thresholds.sql: накатан
036_risk_threshold_v3.sql: накатан
037_order_deadline.sql: накатан
038_weight_on_d5.sql: накатан
039_feedback_reason_five.sql: накатан
040_data_outage_reason.sql: накатан
041_warning_orders.sql: накатан
042_collector_d5_weights.sql: накатан
готово: 38 новых, 0 уже были
