склейка 60 мин, цель D5, окно 01.04–30.06.2026

контроль: alerts.csv, окно [24, 168] ч               P 0.643  R 0.544  TP  92  FP  51  FN  77  дублей  27  предупр.  166  инцид. 169
контроль: скоры -> simulate(0,63; 720 ч), [24, 168]  P 0.643  R 0.544  TP  92  FP  51  FN  77  дублей  27  предупр.  166  инцид. 169

24 ч: alerts.csv, окно [0, 24] ч                     P 0.441  R 0.444  TP  75  FP  95  FN  94  дублей   0  предупр.  166  инцид. 169
24 ч: alerts.csv, окно [1, 24] ч                     P 0.378  R 0.367  TP  62  FP 102  FN 107  дублей   6  предупр.  166  инцид. 169

кривая, срок жизни предупреждения 720 ч, окно зачёта [0, 24] ч
  порог 0.30  F1 0.388                               P 0.338  R 0.456  TP  77  FP 151  FN  92  дублей   4  предупр.  226  инцид. 169
  порог 0.40  F1 0.398                               P 0.353  R 0.456  TP  77  FP 141  FN  92  дублей   2  предупр.  214  инцид. 169
  порог 0.50  F1 0.412                               P 0.376  R 0.456  TP  77  FP 128  FN  92  дублей   1  предупр.  200  инцид. 169
  порог 0.60  F1 0.426                               P 0.410  R 0.444  TP  75  FP 108  FN  94  дублей   0  предупр.  178  инцид. 169
  порог 0.63  F1 0.442                               P 0.441  R 0.444  TP  75  FP  95  FN  94  дублей   0  предупр.  166  инцид. 169
  порог 0.70  F1 0.447                               P 0.477  R 0.420  TP  71  FP  78  FN  98  дублей   0  предупр.  147  инцид. 169
  порог 0.75  F1 0.455                               P 0.536  R 0.396  TP  67  FP  58  FN 102  дублей   1  предупр.  125  инцид. 169
  порог 0.80  F1 0.428                               P 0.569  R 0.343  TP  58  FP  44  FN 111  дублей   0  предупр.  102  инцид. 169
  порог 0.85  F1 0.413                               P 0.581  R 0.320  TP  54  FP  39  FN 115  дублей   0  предупр.   93  инцид. 169
  порог 0.90  F1 0.373                               P 0.657  R 0.260  TP  44  FP  23  FN 125  дублей   0  предупр.   67  инцид. 169
  порог 0.92  F1 0.369                               P 0.712  R 0.249  TP  42  FP  17  FN 127  дублей   0  предупр.   59  инцид. 169
  порог 0.94  F1 0.274                               P 0.674  R 0.172  TP  29  FP  14  FN 140  дублей   0  предупр.   43  инцид. 169
  порог 0.95  F1 0.255                               P 0.743  R 0.154  TP  26  FP   9  FN 143  дублей   0  предупр.   35  инцид. 169

кривая, срок жизни предупреждения 23 ч, окно зачёта [0, 24] ч
  порог 0.30  F1 0.139                               P 0.075  R 0.964  TP 163  FP 1997  FN   6  дублей  94  предупр. 2164  инцид. 169
  порог 0.40  F1 0.153                               P 0.083  R 0.959  TP 162  FP 1780  FN   7  дублей  75  предупр. 1927  инцид. 169
  порог 0.50  F1 0.187                               P 0.104  R 0.935  TP 158  FP 1355  FN  11  дублей  51  предупр. 1477  инцид. 169
  порог 0.60  F1 0.249                               P 0.147  R 0.817  TP 138  FP 803  FN  31  дублей  25  предупр.  930  инцид. 169
  порог 0.63  F1 0.272                               P 0.165  R 0.769  TP 130  FP 659  FN  39  дублей  22  предупр.  796  инцид. 169
  порог 0.70  F1 0.371                               P 0.260  R 0.645  TP 109  FP 311  FN  60  дублей  12  предупр.  430  инцид. 169
  порог 0.75  F1 0.429                               P 0.343  R 0.574  TP  97  FP 186  FN  72  дублей   4  предупр.  286  инцид. 169
  порог 0.80  F1 0.439                               P 0.410  R 0.473  TP  80  FP 115  FN  89  дублей   0  предупр.  195  инцид. 169
  порог 0.85  F1 0.431                               P 0.489  R 0.385  TP  65  FP  68  FN 104  дублей   0  предупр.  133  инцид. 169
  порог 0.90  F1 0.400                               P 0.617  R 0.296  TP  50  FP  31  FN 119  дублей   0  предупр.   81  инцид. 169
  порог 0.92  F1 0.369                               P 0.672  R 0.254  TP  43  FP  21  FN 126  дублей   0  предупр.   64  инцид. 169
  порог 0.94  F1 0.274                               P 0.674  R 0.172  TP  29  FP  14  FN 140  дублей   0  предупр.   43  инцид. 169
  порог 0.95  F1 0.255                               P 0.743  R 0.154  TP  26  FP   9  FN 143  дублей   0  предупр.   35  инцид. 169

без модели, окно зачёта [0, 24] ч
  недавность (rearm), срок жизни 720 ч               P 0.420  R 0.432  TP  73  FP 101  FN  96  дублей   0  предупр.  170  инцид. 169
  недавность (rearm), срок жизни 168 ч               P 0.420  R 0.432  TP  73  FP 101  FN  96  дублей   0  предупр.  170  инцид. 169
  недавность (rearm), срок жизни 23 ч                P 0.420  R 0.432  TP  73  FP 101  FN  96  дублей   0  предупр.  170  инцид. 169
  тревога на всех коллекторах каждый день, 24 ч      P 0.056  R 0.982  TP 166  FP 2786  FN   3  дублей 160  предупр. 2932  инцид. 169
  недавность, срок 720 ч, окно [24, 168] (к контролю) P 0.605  R 0.527  TP  89  FP  58  FN  80  дублей  27  предупр.  170  инцид. 169
